gpg-pubkey-ced7258b-6525146f 1696928879 0 installed
libgcc-8.5.0-28.el8_10.alma.1.x86_64 1756209600 190232 installed
crypto-policies-20230731-1.git3177e06.el8.noarch 1697342317 73739 installed
python3-setuptools-wheel-39.2.0-9.el8_10.noarch 1752570848 345327 installed
almalinux-release-8.10-1.el8.x86_64 1716389384 40011 installed
filesystem-3.8-6.el8.x86_64 1633769510 0 installed
python3-rpm-macros-3-45.el8.noarch 1684241739 3714 installed
ansible-srpm-macros-1-12.el8.noarch 1707101462 36518 installed
qt5-srpm-macros-5.15.3-1.el8.noarch 1665240446 0 installed
openblas-srpm-macros-2-2.el8.noarch 1571258850 104 installed
go-srpm-macros-2-17.el8.noarch 1617893120 7342 installed
tzdata-2026c-1.el8_10.noarch 1786035184 1976397 installed
pkgconf-m4-1.4.2-1.el8.noarch 1570949719 14187 installed
pcre2-10.32-3.el8_6.x86_64 1659456464 656742 installed
glibc-all-langpacks-2.28-251.el8_10.40.x86_64 1784646418 436464832 installed
glibc-gconv-extra-2.28-251.el8_10.40.x86_64 1784646418 6416038 installed
glibc-2.28-251.el8_10.40.x86_64 1784646418 6880472 installed
libsepol-2.9-3.el8.x86_64 1633747466 761592 installed
info-6.5-7.el8.x86_64 1650301777 386466 installed
xz-libs-5.2.4-4.el8_6.x86_64 1655211822 164967 installed
libacl-2.4.0-1.el8_10.x86_64 1784718339 46112 installed
libxcrypt-4.1.1-6.el8.x86_64 1633752252 185860 installed
elfutils-libelf-0.190-2.el8.alma.1.x86_64 1756126628 1024034 installed
readline-7.0-10.el8.x86_64 1570799624 466321 installed
libcap-2.48-6.el8_10.1.x86_64 1777926826 164965 installed
sed-4.5-5.el8_10.x86_64 1776194598 764966 installed
libuuid-2.32.1-48.el8_10.x86_64 1770236304 35104 installed
libunistring-0.9.9-3.el8.x86_64 1570877206 1855932 installed
libgpg-error-1.31-1.el8.x86_64 1570882847 902818 installed
p11-kit-0.23.22-2.el8.x86_64 1712412985 1650594 installed
libmpc-1.1.0-9.1.el8.x86_64 1617859705 127085 installed
libattr-2.6.0-1.el8_10.x86_64 1787058562 25716 installed
libgcrypt-1.8.5-8.el8_10.x86_64 1785291379 1269750 installed
findutils-1:4.6.0-24.el8_10.x86_64 1766069842 1768980 installed
elfutils-libs-0.190-2.el8.alma.1.x86_64 1756126628 738263 installed
gdbm-libs-1:1.18-2.el8.x86_64 1665235333 118448 installed
libcap-ng-0.7.11-1.el8.x86_64 1633740976 51470 installed
libtasn1-4.13-6.el8_10.x86_64 1783523142 165309 installed
lz4-libs-1.8.3-5.el8_10.x86_64 1752571479 121151 installed
grep-3.1-6.el8.x86_64 1570806983 835205 installed
libsemanage-2.9-12.el8_10.x86_64 1748916414 312384 installed
elfutils-0.190-2.el8.alma.1.x86_64 1756126628 2932142 installed
patch-2.7.6-11.el8.x86_64 1591024468 277241 installed
libpsl-0.20.2-6.el8.x86_64 1597740996 70716 installed
libksba-1.3.5-9.el8_7.x86_64 1675786363 334047 installed
libstdc++-devel-8.5.0-28.el8_10.alma.1.x86_64 1756209600 11815138 installed
tar-2:1.30-13.el8_10.x86_64 1790105994 2885478 installed
gnutls-3.6.16-8.el8_10.6.x86_64 1779780336 3016295 installed
libxml2-2.9.7-21.el8_10.9.x86_64 1790267723 1755602 installed
coreutils-common-8.30-21.el8_10.x86_64 1790075098 9896370 installed
libgomp-8.5.0-28.el8_10.alma.1.x86_64 1756209600 331991 installed
cpio-2.12-11.el8.x86_64 1650302345 967857 installed
libpkgconf-1.4.2-1.el8.x86_64 1570949856 68093 installed
pkgconf-pkg-config-1.4.2-1.el8.x86_64 1570949856 3094 installed
gawk-4.2.1-4.el8.x86_64 1650297393 2700342 installed
libtool-ltdl-2.4.6-25.el8.x86_64 1570806649 71434 installed
ncurses-6.1-10.20180224.el8.x86_64 1697309698 589460 installed
coreutils-8.30-21.el8_10.x86_64 1790075098 6082824 installed
libdb-5.3.28-42.el8_4.x86_64 1632242311 1903352 installed
libtirpc-1.1.4-12.el8_10.x86_64 1719951959 228758 installed
libmount-2.32.1-48.el8_10.x86_64 1770236304 398282 installed
libnsl2-1.2.0-2.20180605git4a062cf.el8.x86_64 1571070958 147122 installed
platform-python-3.6.8-78.el8_10.alma.1.x86_64 1787067575 41222 installed
binutils-2.30-128.el8_10.x86_64 1766067698 24836755 installed
cracklib-2.9.6-15.el8.x86_64 1570841236 239047 installed
shadow-utils-2:4.6-23.el8_10.x86_64 1766065866 4072286 installed
tpm2-tss-2.3.2-6.el8.x86_64 1712406564 1209206 installed
libpwquality-1.4.4-6.el8.x86_64 1680373457 396846 installed
libusbx-1.0.30-1.el8_10.x86_64 1783522922 181119 installed
libbabeltrace-1.5.4-4.el8.x86_64 1665410259 546491 installed
cyrus-sasl-lib-2.1.27-6.el8_5.x86_64 1645647246 726138 installed
libdb-utils-5.3.28-42.el8_4.x86_64 1632242311 369615 installed
npth-1.5-4.el8.x86_64 1571000973 47909 installed
libatomic_ops-7.6.2-3.el8.x86_64 1570924675 76822 installed
guile-5:2.0.14-7.el8.x86_64 1570929621 12159798 installed
libssh-config-0.9.6-17.el8_10.noarch 1788335379 277 installed
libcurl-7.61.1-34.el8_10.13.x86_64 1787236433 601864 installed
rpm-libs-4.14.3-32.el8_10.x86_64 1734408670 743680 installed
efi-srpm-macros-3-3.el8.noarch 1617878303 39226 installed
rpm-build-libs-4.14.3-32.el8_10.x86_64 1734408670 216152 installed
kernel-headers-4.18.0-553.169.1.el8_10.x86_64 1790602767 5653931 installed
glibc-devel-2.28-251.el8_10.40.x86_64 1784646418 240562 installed
gcc-8.5.0-28.el8_10.alma.1.x86_64 1756209600 61717609 installed
gcc-plugin-annobin-8.5.0-28.el8_10.alma.1.x86_64 1756209600 49392 installed
rpm-build-4.14.3-32.el8_10.x86_64 1734408670 299106 installed
epel-rpm-macros-8-43.noarch 1746898529 31711 installed
which-2.21-21.el8_10.x86_64 1756198485 83404 installed
emacs-filesystem-1:26.1-15.el8_10.noarch 1752573774 0 installed
cmake-filesystem-3.26.5-2.el8.x86_64 1712347762 0 installed
xz-devel-5.2.4-4.el8_6.x86_64 1655211822 206470 installed
pcre2-utf16-10.32-3.el8_6.x86_64 1659456464 599854 installed
openssh-8.0p1-33.el8_10.x86_64 1789995397 1944880 installed
lmdb-libs-0.9.24-2.el8.x86_64 1680387369 103585 installed
openssh-clients-8.0p1-33.el8_10.x86_64 1789995397 2577851 installed
git-core-2.43.7-1.el8_10.x86_64 1753254117 33353791 installed
groff-base-1.22.3-18.el8.x86_64 1570976990 4274302 installed
perl-Digest-MD5-2.55-396.el8.x86_64 1570955939 56718 installed
perl-libnet-3.11-3.el8.noarch 1570999891 277134 installed
perl-Pod-Escapes-1:1.07-395.el8.noarch 1570967377 25763 installed
perl-Time-Local-1:1.280-1.el8.noarch 1570972329 59906 installed
perl-IO-Socket-SSL-2.066-4.module_el8.6.0+2811+fe6c84b0.noarch 1650651986 618704 installed
perl-Term-ANSIColor-4.06-396.el8.noarch 1570969691 89627 installed
perl-File-Temp-0.230.600-1.el8.noarch 1570958419 164723 installed
perl-Pod-Simple-1:3.35-395.el8.noarch 1570967776 543719 installed
perl-Pod-Perldoc-3.28-396.el8.noarch 1570967638 169228 installed
perl-Pod-Usage-4:1.69-395.el8.noarch 1570967839 49720 installed
perl-Storable-1:3.11-3.el8.x86_64 1570969971 221861 installed
perl-Errno-0:1.28-423.el8_10.1.x86_64 1789371166 9508 installed
perl-Encode-4:2.97-3.el8.x86_64 1570956379 10200695 installed
perl-Exporter-5.72-396.el8.noarch 1570956723 55718 installed
perl-Scalar-List-Utils-3:1.49-2.el8.x86_64 1570969561 124632 installed
perl-macros-4:5.26.3-423.el8_10.1.x86_64 1789371166 5184 installed
perl-Unicode-Normalize-1.25-396.el8.x86_64 1570974527 637517 installed
perl-IO-0:1.38-423.el8_10.1.x86_64 1789371166 139215 installed
perl-constant-1.33-396.el8.noarch 1570974903 27103 installed
perl-threads-shared-1.58-2.el8.x86_64 1570981103 78170 installed
autoconf-2.69-29.el8_10.1.noarch 1723577839 2323149 installed
perl-TermReadKey-2.37-7.el8.x86_64 1570971591 66205 installed
git-2.43.7-1.el8_10.x86_64 1753254117 87938 installed
automake-1.16.1-8.el8.noarch 1697314601 1806387 installed
lmdb-devel-0.9.24-2.el8.x86_64 1680387369 74247 installed
libxml2-devel-2.9.7-21.el8_10.9.x86_64 1790267723 9203799 installed
libcurl-devel-7.61.1-34.el8_10.13.x86_64 1787236433 1332953 installed
gpg-pubkey-3abb34f8-5ffd890e 1610451214 0 installed
gpg-pubkey-2f86d6a1-5cf7cefb 1559744251 0 installed
python-srpm-macros-3-45.el8.noarch 1684241739 6093 installed
python-rpm-macros-3-45.el8.noarch 1684241739 4325 installed
python3-pip-wheel-9.0.3-24.el8.noarch 1712410870 897991 installed
setup-2.12.2-9.el8.noarch 1680380140 724747 installed
basesystem-11-5.el8.noarch 1570798431 0 installed
fpc-srpm-macros-1.3-1.el8.noarch 1591557879 144 installed
rust-srpm-macros-5-2.el8.noarch 1571041961 1131 installed
perl-srpm-macros-1-25.el8.noarch 1570976318 794 installed
ocaml-srpm-macros-5-4.el8.noarch 1571041863 737 installed
ghc-srpm-macros-1.4.2-7.el8.noarch 1571008156 414 installed
publicsuffix-list-dafsa-20180723-1.el8.noarch 1573807861 64502 installed
ncurses-base-6.1-10.20180224.el8.noarch 1697309544 290089 installed
libselinux-2.9-11.el8_10.x86_64 1770733600 173176 installed
ncurses-libs-6.1-10.20180224.el8.x86_64 1697309698 955832 installed
glibc-common-2.28-251.el8_10.40.x86_64 1784646418 7997172 installed
bash-4.4.20-6.el8_10.x86_64 1756198277 6865564 installed
zlib-1.2.11-25.el8.x86_64 1697061746 199959 installed
bzip2-libs-1.0.6-28.el8_10.x86_64 1738028339 75061 installed
gmp-1:6.1.2-11.el8.x86_64 1716472916 766316 installed
libstdc++-8.5.0-28.el8_10.alma.1.x86_64 1756209600 1935540 installed
libzstd-1.4.4-1.el8.x86_64 1597790682 698061 installed
mpfr-3.1.6-1.el8.x86_64 1570879690 612625 installed
sqlite-libs-3.26.0-21.el8_10.x86_64 1787576296 1166537 installed
popt-1.18-1.el8.x86_64 1617942835 126618 installed
libcom_err-1.45.6-7.el8_10.x86_64 1759821952 61393 installed
chkconfig-1.19.2-1.el8.x86_64 1697323688 827758 installed
libffi-3.1-24.el8.x86_64 1680332000 53844 installed
lua-libs-5.3.4-12.el8.x86_64 1633756479 247888 installed
libidn2-2.2.0-1.el8.x86_64 1573743877 253706 installed
file-libs-5.33-27.el8_10.x86_64 1759818650 6385855 installed
file-5.33-27.el8_10.x86_64 1759818650 93427 installed
unzip-6.0-48.el8_10.x86_64 1748916613 424061 installed
elfutils-default-yama-scope-0.190-2.el8.alma.1.noarch 1756126725 1810 installed
expat-2.5.0-4.el8_10.x86_64 1790598099 367928 installed
keyutils-libs-1.5.10-9.el8.x86_64 1633701057 43766 installed
audit-libs-3.1.2-1.el8_10.1.x86_64 1752572522 308530 installed
p11-kit-trust-0.23.22-2.el8.x86_64 1712412985 483265 installed
pcre-8.42-6.el8.x86_64 1633720673 509819 installed
xz-5.2.4-4.el8_6.x86_64 1655211822 424234 installed
gdbm-1:1.18-2.el8.x86_64 1665235333 389593 installed
zip-3.0-23.el8.x86_64 1570799464 842877 installed
cpp-8.5.0-28.el8_10.alma.1.x86_64 1756209600 29645334 installed
libassuan-2.5.1-3.el8.x86_64 1570877556 202763 installed
dwz-0.12-10.el8.x86_64 1633749969 230263 installed
zstd-1.4.4-1.el8.x86_64 1597790682 1538890 installed
nettle-3.4.1-7.el8.x86_64 1633731140 572241 installed
isl-0.16.1-6.el8.x86_64 1571012373 3270833 installed
bzip2-1.0.6-28.el8_10.x86_64 1738028339 92004 installed
diffutils-3.6-6.el8.x86_64 1588605339 1655492 installed
brotli-1.0.6-4.el8_10.x86_64 1770734804 1522164 installed
libnghttp2-1.33.0-6.el8_10.3.x86_64 1786993454 168244 installed
pkgconf-1.4.2-1.el8.x86_64 1570949856 63271 installed
libsigsegv-2.11-5.el8.x86_64 1570817728 47034 installed
libsmartcols-2.32.1-48.el8_10.x86_64 1770236304 248450 installed
libverto-0.3.2-2.el8.x86_64 1665215383 26797 installed
openssl-libs-1:1.1.1k-17.el8_6.x86_64 1783952062 3778586 installed
ca-certificates-2025.2.80_v9.0.304-80.2.el8_10.noarch 1761835024 2542496 installed
krb5-libs-1.18.2-34.el8_10.x86_64 1778654070 2242746 installed
libblkid-2.32.1-48.el8_10.x86_64 1770236304 343960 installed
systemd-libs-239-82.el8_10.19.x86_64 1788492791 4698670 installed
platform-python-setuptools-39.2.0-9.el8_10.noarch 1752570848 2916767 installed
python3-libs-3.6.8-78.el8_10.alma.1.x86_64 1787067575 32475673 installed
gzip-1.9-15.el8_10.x86_64 1788965583 352342 installed
cracklib-dicts-2.9.6-15.el8.x86_64 1570841236 9815016 installed
libutempter-1.1.6-14.el8.x86_64 1570840217 52637 installed
ima-evm-utils-1.3.2-12.el8.x86_64 1617896657 137650 installed
pam-1.3.1-40.el8_10.x86_64 1787058772 2654567 installed
glib2-2.56.4-178.el8_10.x86_64 1789061275 12280664 installed
libfdisk-2.32.1-48.el8_10.x86_64 1770236304 438882 installed
openldap-2.4.46-21.el8_10.x86_64 1741686291 1006691 installed
libarchive-3.3.3-7.el8_10.x86_64 1776367872 838287 installed
gnupg2-2.2.20-4.el8_10.x86_64 1768528180 9919099 installed
gc-7.6.4-3.el8.x86_64 1570929026 229024 installed
libipt-1.6.1-8.el8.x86_64 1576743441 166831 installed
libssh-0.9.6-17.el8_10.x86_64 1788289886 526103 installed
curl-7.61.1-34.el8_10.13.x86_64 1787236433 701120 installed
rpm-4.14.3-32.el8_10.x86_64 1734408670 2087838 installed
lua-srpm-macros-1-13.el8.noarch 1707738739 1367 installed
gdb-headless-8.2-20.el8.x86_64 1697051416 11909961 installed
glibc-headers-2.28-251.el8_10.40.x86_64 1784646418 2031720 installed
libxcrypt-devel-4.1.1-6.el8.x86_64 1633752252 24771 installed
annobin-13.27-1.el8_10.x86_64 1788861547 828010 installed
redhat-rpm-config-131-1.el8.alma.noarch 1680773284 157410 installed
gcc-c++-8.5.0-28.el8_10.alma.1.x86_64 1756209600 32191691 installed
util-linux-2.32.1-48.el8_10.x86_64 1770236304 11576507 installed
make-1:4.2.1-11.el8.x86_64 1650299955 1436328 installed
yajl-2.1.0-12.el8.x86_64 1697289444 82738 installed
zlib-devel-1.2.11-25.el8.x86_64 1697061746 141078 installed
pcre2-utf32-10.32-3.el8_6.x86_64 1659456464 583438 installed
openssl-1:1.1.1k-17.el8_6.x86_64 1783952062 1185640 installed
m4-1.4.18-7.el8.x86_64 1570804911 379304 installed
libedit-3.1-23.20170329cvs.el8.x86_64 1570877654 247168 installed
less-530-3.el8_10.x86_64 1719951038 328474 installed
git-core-doc-2.43.7-1.el8_10.noarch 1753195393 14704688 installed
perl-Digest-1.17-395.el8.noarch 1570955296 26684 installed
perl-Data-Dumper-2.167-399.el8.x86_64 1570953565 106522 installed
perl-URI-1.73-3.el8.noarch 1573658335 216452 installed
perl-IO-Socket-IP-0.39-5.el8.noarch 1570961507 99525 installed
perl-Mozilla-CA-20160104-7.module_el8.5.0+2812+ed912d05.noarch 1650649450 5714 installed
perl-Net-SSLeay-1.88-2.module_el8.6.0+2811+fe6c84b0.x86_64 1650648167 1329463 installed
perl-Term-Cap-1.17-395.el8.noarch 1570969761 29850 installed
perl-HTTP-Tiny-0.074-3.el8.noarch 1712407881 149711 installed
perl-podlators-4.11-1.el8.noarch 1570975956 287639 installed
perl-Text-ParseWords-3.30-395.el8.noarch 1570971722 13101 installed
perl-MIME-Base64-3.15-396.el8.x86_64 1570964945 41435 installed
perl-Getopt-Long-1:2.50-4.el8.noarch 1570959003 139724 installed
perl-Socket-4:2.027-3.el8.x86_64 1574149783 124014 installed
perl-Carp-1.42-396.el8.noarch 1570950374 41850 installed
perl-libs-4:5.26.3-423.el8_10.1.x86_64 1789371166 6103005 installed
perl-parent-1:0.237-1.el8.noarch 1570975781 9187 installed
perl-Text-Tabs+Wrap-2013.0523-395.el8.noarch 1571071842 24825 installed
perl-File-Path-2.15-2.el8.noarch 1570958008 64920 installed
perl-PathTools-3.74-1.el8.x86_64 1570968071 182821 installed
perl-threads-1:2.21-2.el8.x86_64 1570980992 109155 installed
perl-interpreter-4:5.26.3-423.el8_10.1.x86_64 1789371166 14385490 installed
perl-Error-1:0.17025-2.el8.noarch 1571067041 71562 installed
perl-Git-2.43.7-1.el8_10.noarch 1753195393 66682 installed
perl-Thread-Queue-3.13-1.el8.noarch 1570972090 29787 installed
libtool-2.4.6-25.el8.x86_64 1570806649 2687507 installed
pcre2-devel-10.32-3.el8_6.x86_64 1659456464 1922619 installed
yajl-devel-2.1.0-12.el8.x86_64 1697289444 27220 installed
